> Task :app:checkKotlinGradlePluginConfigurationErrors SKIPPED
> Task :app:preBuild UP-TO-DATE
> Task :app:preDebugBuild UP-TO-DATE
> Task :app:dataBindingMergeDependencyArtifactsDebug UP-TO-DATE
> Task :app:generateDebugResValues UP-TO-DATE
> Task :app:generateDebugResources UP-TO-DATE
> Task :app:processDebugGoogleServices UP-TO-DATE
> Task :Database:preBuild UP-TO-DATE
> Task :Database:preDebugBuild UP-TO-DATE
> Task :Database:generateDebugResValues UP-TO-DATE
> Task :Database:generateDebugResources UP-TO-DATE
> Task :Database:packageDebugResources UP-TO-DATE
> Task :Youtube:preBuild UP-TO-DATE
> Task :Youtube:preDebugBuild UP-TO-DATE
> Task :Youtube:generateDebugResValues UP-TO-DATE
> Task :Youtube:generateDebugResources UP-TO-DATE
> Task :Youtube:packageDebugResources UP-TO-DATE
> Task :app:mergeDebugResources UP-TO-DATE
> Task :app:packageDebugResources UP-TO-DATE
> Task :Database:processDebugNavigationResources UP-TO-DATE
> Task :Youtube:processDebugNavigationResources UP-TO-DATE
> Task :app:processDebugNavigationResources UP-TO-DATE
> Task :app:parseDebugLocalResources UP-TO-DATE
> Task :Database:parseDebugLocalResources UP-TO-DATE
> Task :Database:generateDebugRFile UP-TO-DATE
> Task :Youtube:parseDebugLocalResources UP-TO-DATE
> Task :Youtube:generateDebugRFile UP-TO-DATE
> Task :app:dataBindingGenBaseClassesDebug UP-TO-DATE
> Task :Database:writeDebugAarMetadata UP-TO-DATE
> Task :Youtube:writeDebugAarMetadata UP-TO-DATE
> Task :app:checkDebugAarMetadata UP-TO-DATE
> Task :app:compileDebugNavigationResources UP-TO-DATE
> Task :app:mapDebugSourceSetPaths UP-TO-DATE
> Task :app:createDebugCompatibleScreenManifests UP-TO-DATE
> Task :app:extractDeepLinksDebug UP-TO-DATE
> Task :Database:extractDeepLinksDebug UP-TO-DATE
> Task :Database:processDebugManifest UP-TO-DATE
> Task :Youtube:extractDeepLinksDebug UP-TO-DATE
> Task :Youtube:processDebugManifest UP-TO-DATE
> Task :app:processDebugMainManifest UP-TO-DATE
> Task :app:processDebugManifest UP-TO-DATE
> Task :app:processDebugManifestForPackage UP-TO-DATE
> Task :Database:compileDebugLibraryResources UP-TO-DATE
> Task :Youtube:compileDebugLibraryResources UP-TO-DATE
> Task :app:processDebugResources UP-TO-DATE
> Task :Database:checkKotlinGradlePluginConfigurationErrors SKIPPED
> Task :Database:kspDebugKotlin UP-TO-DATE
> Task :Database:compileDebugKotlin UP-TO-DATE
> Task :Database:javaPreCompileDebug UP-TO-DATE
> Task :Database:compileDebugJavaWithJavac UP-TO-DATE
> Task :Database:bundleLibCompileToJarDebug UP-TO-DATE
> Task :Youtube:checkKotlinGradlePluginConfigurationErrors SKIPPED
> Task :Youtube:compileDebugKotlin UP-TO-DATE
> Task :Youtube:javaPreCompileDebug UP-TO-DATE
> Task :Youtube:compileDebugJavaWithJavac NO-SOURCE
> Task :Youtube:bundleLibCompileToJarDebug UP-TO-DATE

> Task :app:compileDebugKotlin FAILED
.\gradlew : e: file:///C:/Users/arsenic/StudioProjects/Dopamin
e/app/src/main/java/com/google/android/piyush/dopamine/activit
ies/YoutubeChannelPlaylistsVideos.kt:83:13 None of the 
following candidates is applicable:
At line:1 char:1
+ .\gradlew app:compileDebugKotlin > build_output.txt 2>&1
+ ~~~~~~~~~~~~~~~~~~~~~~~~~~~~~~~~~~~~~~~~~~~~~~~~~~~~~~~~
    + CategoryInfo          : NotSpecified: (e: 
file:///C:/U... i    s applicable::String) [], RemoteException
    + FullyQualifiedErrorId : NativeCommandError
 
fun initialize(youTubePlayerListener: YouTubePlayerListener, 
handleNetworkEvents: Boolean, playerOptions: 
IFramePlayerOptions, videoId: String?): Unit
fun initialize(youTubePlayerListener: YouTubePlayerListener, 
handleNetworkEvents: Boolean, playerOptions: 
IFramePlayerOptions): Unit
fun initialize(youTubePlayerListener: YouTubePlayerListener, 
handleNetworkEvents: Boolean): Unit
fun initialize(youTubePlayerListener: YouTubePlayerListener, 
playerOptions: IFramePlayerOptions): Unit
fun initialize(youTubePlayerListener: YouTubePlayerListener): 
Unit
e: file:///C:/Users/arsenic/StudioProjects/Dopamine/app/src/ma
in/java/com/google/android/piyush/dopamine/activities/YoutubeC
hannelPlaylistsVideos.kt:92:44 No value passed for parameter 
'context'.
e: file:///C:/Users/arsenic/StudioProjects/Dopamine/app/src/ma
in/java/com/google/android/piyush/dopamine/activities/YoutubeP
layer.kt:92:62 No value passed for parameter 'context'.
e: file:///C:/Users/arsenic/StudioProjects/Dopamine/app/src/ma
in/java/com/google/android/piyush/dopamine/activities/YoutubeP
layer.kt:98:37 Argument type mismatch: actual type is 'com.goo
gle.android.piyush.dopamine.activities.YoutubePlayer', but 'co
m.pierfrancescosoffritti.androidyoutubeplayer.core.player.list
eners.YouTubePlayerListener' was expected.
e: file:///C:/Users/arsenic/StudioProjects/Dopamine/app/src/ma
in/java/com/google/android/piyush/dopamine/activities/YoutubeP
layer.kt:98:57 Argument type mismatch: actual type is 
'com.google.android.piyush.dopamine.activities.<anonymous>', 
but 'kotlin.Boolean' was expected.
e: file:///C:/Users/arsenic/StudioProjects/Dopamine/app/src/ma
in/java/com/google/android/piyush/dopamine/activities/YoutubeP
layer.kt:114:12 Argument type mismatch: actual type is 
'kotlin.Boolean', but 'com.pierfrancescosoffritti.androidyoutu
beplayer.core.player.options.IFramePlayerOptions' was 
expected.
e: file:///C:/Users/arsenic/StudioProjects/Dopamine/app/src/ma
in/java/com/google/android/piyush/dopamine/activities/YoutubeP
layer.kt:114:18 Argument type mismatch: actual type is 'com.pi
erfrancescosoffritti.androidyoutubeplayer.core.player.options.
IFramePlayerOptions', but 'kotlin.String?' was expected.
e: file:///C:/Users/arsenic/StudioProjects/Dopamine/app/src/ma
in/java/com/google/android/piyush/dopamine/fragments/Library.k
t:251:62 No value passed for parameter 'context'.
e: file:///C:/Users/arsenic/StudioProjects/Dopamine/app/src/ma
in/java/com/google/android/piyush/dopamine/fragments/Library.k
t:258:17 Argument type mismatch: actual type is 
'android.content.Context', but 'com.pierfrancescosoffritti.and
roidyoutubeplayer.core.player.listeners.YouTubePlayerListener'
 was expected.
e: file:///C:/Users/arsenic/StudioProjects/Dopamine/app/src/ma
in/java/com/google/android/piyush/dopamine/fragments/Library.k
t:259:17 Argument type mismatch: actual type is 
'com.google.android.piyush.dopamine.fragments.<anonymous>', 
but 'kotlin.Boolean' was expected.
e: file:///C:/Users/arsenic/StudioProjects/Dopamine/app/src/ma
in/java/com/google/android/piyush/dopamine/fragments/Library.k
t:269:17 Argument type mismatch: actual type is 
'kotlin.Boolean', but 'com.pierfrancescosoffritti.androidyoutu
beplayer.core.player.options.IFramePlayerOptions' was 
expected.
e: file:///C:/Users/arsenic/StudioProjects/Dopamine/app/src/ma
in/java/com/google/android/piyush/dopamine/fragments/Library.k
t:270:17 Argument type mismatch: actual type is 'com.pierfranc
escosoffritti.androidyoutubeplayer.core.player.options.IFrameP
layerOptions', but 'kotlin.String?' was expected.

FAILURE: Build failed with an exception.

* What went wrong:
Execution failed for task ':app:compileDebugKotlin'.
> A failure occurred while executing org.jetbrains.kotlin.comp
ilerRunner.GradleCompilerRunnerWithWorkers$GradleKotlinCompile
rWorkAction
   > Compilation error. See log for more details

* Try:
> Run with --stacktrace option to get the stack trace.
> Run with --info or --debug option to get more log output.
47 actionable tasks: 1 executed, 46 up-to-date
> Run with --scan to get full insights.
> Get more help at https://help.gradle.org.

BUILD FAILED in 5s
